// Jest Snapshot v1, https://goo.gl/fbAQLP

exports[`<OpenTrips /> renders correctly 1`] = `
<div
  className="open-trips"
>
  <h1
    className="page-title"
  >
    Open Trips
  </h1>
  <div
    className="page-content trips"
  >
    <div
      className="no-trips-msg"
    >
      There are no open trips available. Please plan some trips for the shift selected.
    </div>
  </div>
</div>
`;

exports[`<OpenTrips /> renders correctly without data 1`] = `
<div
  className="open-trips"
>
  <h1
    className="page-title"
  >
    Open Trips
  </h1>
  <div
    className="page-content trips"
  >
    <div
      className="no-trips-msg"
    >
      There are no open trips available. Please plan some trips for the shift selected.
    </div>
  </div>
</div>
`;
